###############################################################################
#
# IAR ELF Linker V2.20.1.176 for STM8                     02/Aug/2018  10:43:12
# Copyright 2010-2015 IAR Systems AB.
#
#    Output file  =  
#        C:\Users\wang_\Documents\GitHub\TINY-TX-X8\FRSKY-D8\IAR-STM8-210\Debug\Exe\FRSKYD8(2018-1-23).out
#    Map file     =  
#        C:\Users\wang_\Documents\GitHub\TINY-TX-X8\FRSKY-D8\IAR-STM8-210\Debug\List\FRSKYD8(2018-1-23).map
#    Command line =  
#        C:\Users\wang_\Documents\GitHub\TINY-TX-X8\FRSKY-D8\IAR-STM8-210\Debug\Obj\adc.o
#        C:\Users\wang_\Documents\GitHub\TINY-TX-X8\FRSKY-D8\IAR-STM8-210\Debug\Obj\beep.o
#        C:\Users\wang_\Documents\GitHub\TINY-TX-X8\FRSKY-D8\IAR-STM8-210\Debug\Obj\boot.o
#        C:\Users\wang_\Documents\GitHub\TINY-TX-X8\FRSKY-D8\IAR-STM8-210\Debug\Obj\CC2500.o
#        C:\Users\wang_\Documents\GitHub\TINY-TX-X8\FRSKY-D8\IAR-STM8-210\Debug\Obj\ee.o
#        C:\Users\wang_\Documents\GitHub\TINY-TX-X8\FRSKY-D8\IAR-STM8-210\Debug\Obj\FRSKYD8.o
#        C:\Users\wang_\Documents\GitHub\TINY-TX-X8\FRSKY-D8\IAR-STM8-210\Debug\Obj\FTDebug.o
#        C:\Users\wang_\Documents\GitHub\TINY-TX-X8\FRSKY-D8\IAR-STM8-210\Debug\Obj\key.o
#        C:\Users\wang_\Documents\GitHub\TINY-TX-X8\FRSKY-D8\IAR-STM8-210\Debug\Obj\LED.o
#        C:\Users\wang_\Documents\GitHub\TINY-TX-X8\FRSKY-D8\IAR-STM8-210\Debug\Obj\main.o
#        C:\Users\wang_\Documents\GitHub\TINY-TX-X8\FRSKY-D8\IAR-STM8-210\Debug\Obj\Menu.o
#        C:\Users\wang_\Documents\GitHub\TINY-TX-X8\FRSKY-D8\IAR-STM8-210\Debug\Obj\PowerOn.o
#        C:\Users\wang_\Documents\GitHub\TINY-TX-X8\FRSKY-D8\IAR-STM8-210\Debug\Obj\SPI2.o
#        C:\Users\wang_\Documents\GitHub\TINY-TX-X8\FRSKY-D8\IAR-STM8-210\Debug\Obj\StartUp.o
#        C:\Users\wang_\Documents\GitHub\TINY-TX-X8\FRSKY-D8\IAR-STM8-210\Debug\Obj\stm8l15x_adc.o
#        C:\Users\wang_\Documents\GitHub\TINY-TX-X8\FRSKY-D8\IAR-STM8-210\Debug\Obj\stm8l15x_dma.o
#        C:\Users\wang_\Documents\GitHub\TINY-TX-X8\FRSKY-D8\IAR-STM8-210\Debug\Obj\stm8l15x_flash.o
#        C:\Users\wang_\Documents\GitHub\TINY-TX-X8\FRSKY-D8\IAR-STM8-210\Debug\Obj\stm8l15x_gpio.o
#        C:\Users\wang_\Documents\GitHub\TINY-TX-X8\FRSKY-D8\IAR-STM8-210\Debug\Obj\stm8l15x_it.o
#        C:\Users\wang_\Documents\GitHub\TINY-TX-X8\FRSKY-D8\IAR-STM8-210\Debug\Obj\stm8l15x_usart.o
#        C:\Users\wang_\Documents\GitHub\TINY-TX-X8\FRSKY-D8\IAR-STM8-210\Debug\Obj\tbc.o
#        C:\Users\wang_\Documents\GitHub\TINY-TX-X8\FRSKY-D8\IAR-STM8-210\Debug\Obj\U3.o
#        C:\Users\wang_\Documents\GitHub\TINY-TX-X8\FRSKY-D8\IAR-STM8-210\Debug\Obj\uniqueID.o
#        --redirect _Printf=_PrintfSmall --redirect _Scanf=_ScanfSmall -o
#        "C:\Users\wang_\Documents\GitHub\TINY-TX-X8\FRSKY-D8\IAR-STM8-210\Debug\Exe\FRSKYD8(2018-1-23).out"
#        --map
#        "C:\Users\wang_\Documents\GitHub\TINY-TX-X8\FRSKY-D8\IAR-STM8-210\Debug\List\FRSKYD8(2018-1-23).map"
#        --config
#        C:\Users\wang_\Documents\GitHub\TINY-TX-X8\FRSKY-D8\IAR-STM8-210\lnkstm8l052r8.icf
#        --config_def _CSTACK_SIZE=0x100 --config_def _HEAP_SIZE=0x100 --entry
#        __iar_program_start --debug_lib
#
###############################################################################

*******************************************************************************
*** RUNTIME MODEL ATTRIBUTES
***

__SystemLibrary            = DLib
__code_model               = small
__core                     = stm8
__data_model               = medium
__dlib_file_descriptor     = 0
__dlib_full_locale_support = 0
__rt_version               = 4


*******************************************************************************
*** PLACEMENT SUMMARY
***

"A1":  place at start of [0x000000-0x0000ff] { rw section .vregs };
"A2":  place at end of [0x000000-0x000fff] { block CSTACK };
"P2":  place in [from 0x000000 to 0x000fff] {
          block HEAP, rw section __DLIB_PERTHREAD, rw section .far.bss,
          rw section .far.data, rw section .far.noinit,
          rw section .far_func.textrw, rw section .huge.bss,
          rw section .huge.data, rw section .huge.noinit,
          rw section .huge_func.textrw, rw section .iar.dynexit,
          rw section .near.bss, rw section .near.data, rw section .near.noinit,
          rw section .near_func.textrw };
"A3":  place at start of [0x00a000-0x00ffff] { block INTVEC };
"P3":  place in [from 0x00a000 to 0x00ffff] {
          ro section __DLIB_PERTHREAD_init, ro section .far.data_init,
          ro section .far_func.textrw_init, ro section .huge.data_init,
          ro section .huge_func.textrw_init, ro section .iar.init_table,
          ro section .init_array, ro section .near.data_init,
          ro section .near.rodata, ro section .near_func.text,
          ro section .near_func.textrw_init, ro section .tiny.data_init,
          ro section .tiny.rodata_init };

  Section            Kind      Address    Size  Object
  -------            ----      -------    ----  ------
"A1":                                     0x10
  .vregs             uninit   0x000000    0x10  vregs.o [4]
                            - 0x000010    0x10

"P2", part 1 of 2:                        0xca
  P2-1                        0x000010    0xca  <Init block>
    .near.data       inited   0x000010     0x1  adc.o [1]
    .near.data       inited   0x000011     0x2  adc.o [1]
    .near.data       inited   0x000013     0x2  adc.o [1]
    .near.data       inited   0x000015     0x2  adc.o [1]
    .near.data       inited   0x000017     0x1  CC2500.o [1]
    .near.data       inited   0x000018     0x1  FRSKYD8.o [1]
    .near.data       inited   0x000019     0x1  FRSKYD8.o [1]
    .near.data       inited   0x00001a    0x10  FRSKYD8.o [1]
    .near.data       inited   0x00002a     0x8  FTDebug.o [1]
    .near.data       inited   0x000032     0x1  LED.o [1]
    .near.data       inited   0x000033     0x8  Menu.o [1]
    .near.data       inited   0x00003b    0x18  StartUp.o [1]
    .near.data       inited   0x000053    0x18  StartUp.o [1]
    .near.data       inited   0x00006b     0x4  StartUp.o [1]
    .near.data       inited   0x00006f     0x4  StartUp.o [1]
    .near.data       inited   0x000073    0x67  U3.o [1]
                            - 0x0000da    0xca

"P2", part 2 of 2:                       0x16e
  .near.bss          zero     0x0000da    0x50  FTDebug.o [1]
  .near.bss          zero     0x00012a    0x3c  adc.o [1]
  .near.bss          zero     0x000166    0x32  FRSKYD8.o [1]
  .near.bss          zero     0x000198    0x32  FRSKYD8.o [1]
  .near.bss          zero     0x0001ca    0x1b  key.o [1]
  .near.bss          zero     0x0001e5    0x12  FRSKYD8.o [1]
  .near.bss          zero     0x0001f7     0xa  key.o [1]
  .near.bss          zero     0x000201     0xa  StartUp.o [1]
  .near.bss          zero     0x00020b     0x4  adc.o [1]
  .near.bss          zero     0x00020f     0x2  beep.o [1]
  .near.bss          zero     0x000211     0x2  FRSKYD8.o [1]
  .near.bss          zero     0x000213     0x2  FRSKYD8.o [1]
  .near.bss          zero     0x000215     0x2  FTDebug.o [1]
  .near.bss          zero     0x000217     0x2  FTDebug.o [1]
  .near.bss          zero     0x000219     0x2  FTDebug.o [1]
  .near.bss          zero     0x00021b     0x2  LED.o [1]
  .near.bss          zero     0x00021d     0x2  LED.o [1]
  .near.bss          zero     0x00021f     0x2  LED.o [1]
  .near.bss          zero     0x000221     0x2  Menu.o [1]
  .near.bss          zero     0x000223     0x2  PowerOn.o [1]
  .near.bss          zero     0x000225     0x2  StartUp.o [1]
  .near.bss          zero     0x000227     0x2  tbc.o [1]
  .near.bss          zero     0x000229     0x1  beep.o [1]
  .near.bss          zero     0x00022a     0x1  FRSKYD8.o [1]
  .near.bss          zero     0x00022b     0x1  FRSKYD8.o [1]
  .near.bss          zero     0x00022c     0x1  FRSKYD8.o [1]
  .near.bss          zero     0x00022d     0x1  FRSKYD8.o [1]
  .near.bss          zero     0x00022e     0x1  FRSKYD8.o [1]
  .near.bss          zero     0x00022f     0x1  FTDebug.o [1]
  .near.bss          zero     0x000230     0x1  FTDebug.o [1]
  .near.bss          zero     0x000231     0x1  FTDebug.o [1]
  .near.bss          zero     0x000232     0x1  FTDebug.o [1]
  .near.bss          zero     0x000233     0x1  key.o [1]
  .near.bss          zero     0x000234     0x1  key.o [1]
  .near.bss          zero     0x000235     0x1  key.o [1]
  .near.bss          zero     0x000236     0x1  key.o [1]
  .near.bss          zero     0x000237     0x1  key.o [1]
  .near.bss          zero     0x000238     0x1  key.o [1]
  .near.bss          zero     0x000239     0x1  LED.o [1]
  .near.bss          zero     0x00023a     0x1  LED.o [1]
  .near.bss          zero     0x00023b     0x1  LED.o [1]
  .near.bss          zero     0x00023c     0x1  LED.o [1]
  .near.bss          zero     0x00023d     0x1  LED.o [1]
  .near.bss          zero     0x00023e     0x1  Menu.o [1]
  .near.bss          zero     0x00023f     0x1  Menu.o [1]
  .near.bss          zero     0x000240     0x1  Menu.o [1]
  .near.bss          zero     0x000241     0x1  StartUp.o [1]
  .near.bss          zero     0x000242     0x1  StartUp.o [1]
  .near.bss          zero     0x000243     0x1  StartUp.o [1]
  .near.bss          zero     0x000244     0x1  tbc.o [1]
  .near.bss          zero     0x000245     0x1  tbc.o [1]
  .near.bss          zero     0x000246     0x1  U3.o [1]
  .near.bss          zero     0x000247     0x1  U3.o [1]
                            - 0x000248   0x16e

"A2":                                    0x100
  CSTACK                      0x000f00   0x100  <Block>
    CSTACK           uninit   0x000f00   0x100  <Block tail>
                            - 0x001000   0x100

"A3":                                     0x80
  INTVEC                      0x00a000    0x80  <Block>
    .intvec          const    0x00a000    0x80  interrupt.o [4]
                            - 0x00a080    0x80

"P3":                                   0x489a
  .near_func.text    ro code  0x00a080   0x55e  StartUp.o [1]
  .near_func.text    ro code  0x00a5de   0x4e2  adc.o [1]
  .near_func.text    ro code  0x00aac0   0x49e  StartUp.o [1]
  .near_func.text    ro code  0x00af5e   0x3ec  float.o [4]
  .near_func.text    ro code  0x00b34a   0x3b3  U3.o [1]
  .near_func.text    ro code  0x00b6fd   0x369  ee.o [1]
  .near_func.text    ro code  0x00ba66   0x35a  beep.o [1]
  .near.rodata       const    0x00bdc0   0x348  StartUp.o [1]
  .near_func.text    ro code  0x00c108   0x343  FTDebug.o [1]
  .near_func.text    ro code  0x00c44b   0x30d  StartUp.o [1]
  .near_func.text    ro code  0x00c758   0x2fb  FTDebug.o [1]
  .near_func.text    ro code  0x00ca53   0x161  LED.o [1]
  .near_func.text    ro code  0x00cbb4   0x145  FRSKYD8.o [1]
  .near_func.text    ro code  0x00ccf9   0x134  StartUp.o [1]
  .near_func.text    ro code  0x00ce2d   0x12e  key.o [1]
  .near_func.text    ro code  0x00cf5b   0x128  adc.o [1]
  .near_func.text    ro code  0x00d083   0x126  FTDebug.o [1]
  .near_func.text    ro code  0x00d1a9   0x10b  vreg_util.o [4]
  .near_func.text    ro code  0x00d2b4   0x108  FRSKYD8.o [1]
  .near_func.text    ro code  0x00d3bc   0x106  FRSKYD8.o [1]
  .near_func.text    ro code  0x00d4c2   0x100  StartUp.o [1]
  .near_func.text    ro code  0x00d5c2    0xff  long.o [4]
  .near_func.text    ro code  0x00d6c1    0xdd  uniqueID.o [1]
  .near_func.text    ro code  0x00d79e    0xcf  key.o [1]
  Initializer bytes  const    0x00d86d    0xca  <for P2-1>
  .near_func.text    ro code  0x00d937    0xc9  key.o [1]
  .near_func.text    ro code  0x00da00    0xc6  key.o [1]
  .near_func.text    ro code  0x00dac6    0xb3  CC2500.o [1]
  .near_func.text    ro code  0x00db79    0xa2  FRSKYD8.o [1]
  .near_func.text    ro code  0x00dc1b    0xa1  beep.o [1]
  .near_func.text    ro code  0x00dcbc    0xa0  key.o [1]
  .near_func.text    ro code  0x00dd5c    0x9a  FRSKYD8.o [1]
  .near_func.text    ro code  0x00ddf6    0x81  StartUp.o [1]
  .near_func.text    ro code  0x00de77    0x7f  stm8l15x_dma.o [1]
  .near_func.text    ro code  0x00def6    0x77  FRSKYD8.o [1]
  .near_func.text    ro code  0x00df6d    0x6a  U3.o [1]
  .near_func.text    ro code  0x00dfd7    0x68  FTDebug.o [1]
  .near_func.text    ro code  0x00e03f    0x65  Menu.o [1]
  .near_func.text    ro code  0x00e0a4    0x59  LED.o [1]
  .near_func.text    ro code  0x00e0fd    0x59  tbc.o [1]
  .near_func.text    ro code  0x00e156    0x55  adc.o [1]
  .near_func.text    ro code  0x00e1ab    0x54  ee.o [1]
  .near_func.text    ro code  0x00e1ff    0x52  PowerOn.o [1]
  .near_func.text    ro code  0x00e251    0x50  stm8l15x_dma.o [1]
  .near_func.text    ro code  0x00e2a1    0x4e  stm8l15x_adc.o [1]
  .near_func.text    ro code  0x00e2ef    0x4e  stm8l15x_adc.o [1]
  .near_func.text    ro code  0x00e33d    0x4d  CC2500.o [1]
  .near_func.text    ro code  0x00e38a    0x49  SPI2.o [1]
  .near.rodata       const    0x00e3d3    0x48  CC2500.o [1]
  .near_func.text    ro code  0x00e41b    0x41  beep.o [1]
  .near_func.text    ro code  0x00e45c    0x3f  LED.o [1]
  .near_func.text    ro code  0x00e49b    0x3e  stm8l15x_usart.o [1]
  .near_func.text    ro code  0x00e4d9    0x3b  short.o [4]
  .near_func.text    ro code  0x00e514    0x32  CC2500.o [1]
  .near_func.text    ro code  0x00e546    0x31  FRSKYD8.o [1]
  .near_func.text    ro code  0x00e577    0x2f  FRSKYD8.o [1]
  .near_func.text    ro code  0x00e5a6    0x2c  U3.o [1]
  .near_func.text    ro code  0x00e5d2    0x2b  stm8l15x_adc.o [1]
  .near_func.text    ro code  0x00e5fd    0x28  init_small.o [4]
  .near_func.text    ro code  0x00e625    0x27  CC2500.o [1]
  .near_func.text    ro code  0x00e64c    0x26  long_util.o [4]
  .near_func.text    ro code  0x00e672    0x25  CC2500.o [1]
  .near_func.text    ro code  0x00e697    0x25  dc_util.o [4]
  .near_func.text    ro code  0x00e6bc    0x24  CC2500.o [1]
  .near_func.text    ro code  0x00e6e0    0x21  tbc.o [1]
  .iar.init_table    const    0x00e701    0x12  - Linker created -
  .near_func.text    ro code  0x00e713    0x1e  init_small.o [4]
  .near_func.text    ro code  0x00e731    0x1d  CC2500.o [1]
  .near_func.text    ro code  0x00e74e    0x1c  boot.o [1]
  .near_func.text    ro code  0x00e76a    0x1c  main.o [1]
  .near_func.text    ro code  0x00e786    0x19  SPI2.o [1]
  .near_func.text    ro code  0x00e79f    0x17  init.o [4]
  .near_func.text    ro code  0x00e7b6    0x16  stm8l15x_it.o [1]
  .near_func.text    ro code  0x00e7cc    0x15  tbc.o [1]
  .near_func.text    ro code  0x00e7e1    0x14  __dbg_xxexit.o [3]
  .near_func.text    ro code  0x00e7f5    0x13  CC2500.o [1]
  .near_func.text    ro code  0x00e808    0x13  ee.o [1]
  .near_func.text    ro code  0x00e81b    0x13  ee.o [1]
  .near_func.text    ro code  0x00e82e    0x13  cstartup.o [4]
  .near_func.text    ro code  0x00e841    0x12  SPI2.o [1]
  .near_func.text    ro code  0x00e853    0x11  stm8l15x_dma.o [1]
  .near_func.text    ro code  0x00e864     0xf  CC2500.o [1]
  .near_func.text    ro code  0x00e873     0xf  FRSKYD8.o [1]
  .near_func.text    ro code  0x00e882     0xe  CC2500.o [1]
  .near_func.text    ro code  0x00e890     0xe  StartUp.o [1]
  .near_func.text    ro code  0x00e89e     0xe  stm8l15x_adc.o [1]
  .near_func.text    ro code  0x00e8ac     0xe  stm8l15x_dma.o [1]
  .near_func.text    ro code  0x00e8ba     0xd  boot.o [1]
  .near_func.text    ro code  0x00e8c7     0xb  FTDebug.o [1]
  .near_func.text    ro code  0x00e8d2     0x9  Menu.o [1]
  .near.rodata       const    0x00e8db     0x8  FRSKYD8.o [1]
  .near_func.text    ro code  0x00e8e3     0x8  stm8l15x_usart.o [1]
  .near_func.text    ro code  0x00e8eb     0x5  cexit.o [4]
  .near_func.text    ro code  0x00e8f0     0x3  interrupt.o [4]
  .near_func.text    ro code  0x00e8f3     0x3  low_level_init.o [4]
  .near_func.text    ro code  0x00e8f6     0x3  exit.o [4]
  .near_func.text    ro code  0x00e8f9     0x3  unhandled_exception.o [4]
  .near_func.text    ro code  0x00e8fc     0x1  stm8l15x_it.o [1]
  .near_func.text    ro code  0x00e8fd     0x1  stm8l15x_it.o [1]
  .near_func.text    ro code  0x00e8fe     0x1  stm8l15x_it.o [1]
  .near_func.text    ro code  0x00e8ff     0x1  stm8l15x_it.o [1]
  .near_func.text    ro code  0x00e900     0x1  stm8l15x_it.o [1]
  .near_func.text    ro code  0x00e901     0x1  stm8l15x_it.o [1]
  .near_func.text    ro code  0x00e902     0x1  stm8l15x_it.o [1]
  .near_func.text    ro code  0x00e903     0x1  stm8l15x_it.o [1]
  .near_func.text    ro code  0x00e904     0x1  stm8l15x_it.o [1]
  .near_func.text    ro code  0x00e905     0x1  stm8l15x_it.o [1]
  .near_func.text    ro code  0x00e906     0x1  stm8l15x_it.o [1]
  .near_func.text    ro code  0x00e907     0x1  stm8l15x_it.o [1]
  .near_func.text    ro code  0x00e908     0x1  stm8l15x_it.o [1]
  .near_func.text    ro code  0x00e909     0x1  stm8l15x_it.o [1]
  .near_func.text    ro code  0x00e90a     0x1  stm8l15x_it.o [1]
  .near_func.text    ro code  0x00e90b     0x1  stm8l15x_it.o [1]
  .near_func.text    ro code  0x00e90c     0x1  stm8l15x_it.o [1]
  .near_func.text    ro code  0x00e90d     0x1  stm8l15x_it.o [1]
  .near_func.text    ro code  0x00e90e     0x1  stm8l15x_it.o [1]
  .near_func.text    ro code  0x00e90f     0x1  stm8l15x_it.o [1]
  .near_func.text    ro code  0x00e910     0x1  stm8l15x_it.o [1]
  .near_func.text    ro code  0x00e911     0x1  stm8l15x_it.o [1]
  .near_func.text    ro code  0x00e912     0x1  stm8l15x_it.o [1]
  .near_func.text    ro code  0x00e913     0x1  stm8l15x_it.o [1]
  .near_func.text    ro code  0x00e914     0x1  stm8l15x_it.o [1]
  .near_func.text    ro code  0x00e915     0x1  stm8l15x_it.o [1]
  .near_func.text    ro code  0x00e916     0x1  stm8l15x_it.o [1]
  .near_func.text    ro code  0x00e917     0x1  stm8l15x_it.o [1]
  .near_func.text    ro code  0x00e918     0x1  stm8l15x_it.o [1]
  .near_func.text    ro code  0x00e919     0x1  __dbg_break.o [3]
                            - 0x00e91a  0x489a


*******************************************************************************
*** INIT TABLE
***

          Address   Size
          -------   ----
Zero (__iar_zero_init2)
    1 destination range, total size 0x16e:
          0x0000da  0x16e

Copy (__iar_copy_init2)
    1 source range, total size 0xca:
          0x00d86d   0xca
    1 destination range, total size 0xca:
          0x000010   0xca



*******************************************************************************
*** MODULE SUMMARY
***

    Module                 ro code  ro data  rw data
    ------                 -------  -------  -------
C:\Users\wang_\Documents\GitHub\TINY-TX-X8\FRSKY-D8\IAR-STM8-210\Debug\Obj: [1]
    CC2500.o                   495       73        1
    FRSKYD8.o                1 397       26      145
    FTDebug.o                2 007        8       98
    LED.o                      505        1       12
    Menu.o                     110        8       13
    PowerOn.o                   82                 2
    SPI2.o                     116
    StartUp.o                4 044      896       71
    U3.o                     1 097      103      105
    adc.o                    1 631        7       71
    beep.o                   1 084                 3
    boot.o                      41
    ee.o                       995
    key.o                    1 068                43
    main.o                      28
    stm8l15x_adc.o             213
    stm8l15x_dma.o             238
    stm8l15x_it.o               51
    stm8l15x_usart.o            70
    tbc.o                      143                 4
    uniqueID.o                 221
    ------------------------------------------------
    Total:                  15 636    1 122      568

command line: [2]
    ------------------------------------------------
    Total:

dbgstm8smd.a: [3]
    __dbg_break.o                1
    __dbg_xxexit.o              20
    ------------------------------------------------
    Total:                      21

dlstm8smn.a: [4]
    cexit.o                      5
    cstartup.o                  19
    dc_util.o                   37
    exit.o                       3
    float.o                  1 004
    init.o                      23
    init_small.o                70
    interrupt.o                  3      128
    long.o                     255
    long_util.o                 38
    low_level_init.o             3
    short.o                     59
    unhandled_exception.o        3
    vreg_util.o                267
    vregs.o                                       16
    ------------------------------------------------
    Total:                   1 789      128       16

    Linker created                       18      256
----------------------------------------------------
    Grand Total:            17 446    1 268      840


*******************************************************************************
*** ENTRY LIST
***

Entry                    Address   Size  Type      Object
-----                    -------   ----  ----      ------
.iar.init_table$$Base   0x00e701          --   Gb  - Linker created -
.iar.init_table$$Limit  0x00e713          --   Gb  - Linker created -
?add32_l0_l0_0x         0x00d5c5         Code  Gb  long.o [4]
?add32_l0_l0_l1         0x00d5c2         Code  Gb  long.o [4]
?b0                     0x000000         Data  Gb  vregs.o [4]
?b1                     0x000001         Data  Gb  vregs.o [4]
?b10                    0x00000a         Data  Gb  vregs.o [4]
?b11                    0x00000b         Data  Gb  vregs.o [4]
?b12                    0x00000c         Data  Gb  vregs.o [4]
?b13                    0x00000d         Data  Gb  vregs.o [4]
?b14                    0x00000e         Data  Gb  vregs.o [4]
?b15                    0x00000f         Data  Gb  vregs.o [4]
?b2                     0x000002         Data  Gb  vregs.o [4]
?b3                     0x000003         Data  Gb  vregs.o [4]
?b4                     0x000004         Data  Gb  vregs.o [4]
?b5                     0x000005         Data  Gb  vregs.o [4]
?b6                     0x000006         Data  Gb  vregs.o [4]
?b7                     0x000007         Data  Gb  vregs.o [4]
?b8                     0x000008         Data  Gb  vregs.o [4]
?b9                     0x000009         Data  Gb  vregs.o [4]
?dc32_l0                0x00e697         Code  Gb  dc_util.o [4]
?dc32_l1                0x00e6a4         Code  Gb  dc_util.o [4]
?dc32_px                0x00e6b1         Code  Gb  dc_util.o [4]
?e0                     0x000001         Data  Gb  vregs.o [4]
?e1                     0x000005         Data  Gb  vregs.o [4]
?e2                     0x000009         Data  Gb  vregs.o [4]
?e3                     0x00000d         Data  Gb  vregs.o [4]
?epilogue_l2            0x00d250         Code  Gb  vreg_util.o [4]
?epilogue_l2_l3         0x00d24d         Code  Gb  vreg_util.o [4]
?epilogue_l2_w6         0x00d254         Code  Gb  vreg_util.o [4]
?epilogue_w4            0x00d25b         Code  Gb  vreg_util.o [4]
?fadd32_l0_l0_dc32      0x00af7b         Code  Gb  float.o [4]
?fadd32_l0_l0_l1        0x00af80         Code  Gb  float.o [4]
?fcastf32u16_l0_x       0x00b20a         Code  Gb  float.o [4]
?fcasts16f32_x_l0       0x00b228         Code  Gb  float.o [4]
?fcmpge32_c_l0_0x       0x00b1ab         Code  Gb  float.o [4]
?fcmpge32_c_l0_dc32     0x00b1a6         Code  Gb  float.o [4]
?fcmplt32_c_l0_0x       0x00b1b4         Code  Gb  float.o [4]
?fcmplt32_c_l0_dc32     0x00b1af         Code  Gb  float.o [4]
?fdiv32_l0_dc32_l1      0x00b0ee         Code  Gb  float.o [4]
?fdiv32_l0_l0_dc32      0x00b0f3         Code  Gb  float.o [4]
?fdiv32_l0_l0_l1        0x00b0f8         Code  Gb  float.o [4]
?fmul32_l0_l0_dc32      0x00b04e         Code  Gb  float.o [4]
?fmul32_l0_l0_l1        0x00b053         Code  Gb  float.o [4]
?l0                     0x000000         Data  Gb  vregs.o [4]
?l1                     0x000004         Data  Gb  vregs.o [4]
?l2                     0x000008         Data  Gb  vregs.o [4]
?l3                     0x00000c         Data  Gb  vregs.o [4]
?load32_0x_l0           0x00e664         Code  Gb  long_util.o [4]
?load32_l0_0x           0x00e64c         Code  Gb  long_util.o [4]
?load32_l1_0x           0x00e658         Code  Gb  long_util.o [4]
?mov_e0_e1              0x00d269         Code  Gb  vreg_util.o [4]
?mov_e0_e2              0x00d276         Code  Gb  vreg_util.o [4]
?mov_e1_e0              0x00d283         Code  Gb  vreg_util.o [4]
?mov_e1_e3              0x00d290         Code  Gb  vreg_util.o [4]
?mov_e2_e0              0x00d29d         Code  Gb  vreg_util.o [4]
?mov_e3_e0              0x00d2aa         Code  Gb  vreg_util.o [4]
?mov_l0_l1              0x00d266         Code  Gb  vreg_util.o [4]
?mov_l0_l2              0x00d273         Code  Gb  vreg_util.o [4]
?mov_l1_l0              0x00d280         Code  Gb  vreg_util.o [4]
?mov_l1_l3              0x00d28d         Code  Gb  vreg_util.o [4]
?mov_l2_l0              0x00d29a         Code  Gb  vreg_util.o [4]
?mov_l3_l0              0x00d2a7         Code  Gb  vreg_util.o [4]
?mov_w1_w3              0x00d26c         Code  Gb  vreg_util.o [4]
?mov_w1_w5              0x00d279         Code  Gb  vreg_util.o [4]
?mov_w3_w1              0x00d286         Code  Gb  vreg_util.o [4]
?mov_w3_w4              0x00d25f         Code  Gb  vreg_util.o [4]
?mov_w3_w7              0x00d293         Code  Gb  vreg_util.o [4]
?mov_w5_w1              0x00d2a0         Code  Gb  vreg_util.o [4]
?mov_w7_w1              0x00d2ad         Code  Gb  vreg_util.o [4]
?mul16_x_x_w0           0x00e4d9         Code  Gb  short.o [4]
?pop_l0                 0x00d219         Code  Gb  vreg_util.o [4]
?pop_l1                 0x00d224         Code  Gb  vreg_util.o [4]
?pop_l2                 0x00d22f         Code  Gb  vreg_util.o [4]
?pop_l3                 0x00d23a         Code  Gb  vreg_util.o [4]
?pop_w4                 0x00d1cb         Code  Gb  vreg_util.o [4]
?pop_w6                 0x00d1d2         Code  Gb  vreg_util.o [4]
?pop_w7                 0x00d1d9         Code  Gb  vreg_util.o [4]
?push_l0                0x00d1e8         Code  Gb  vreg_util.o [4]
?push_l1                0x00d1ed         Code  Gb  vreg_util.o [4]
?push_l2                0x00d1f2         Code  Gb  vreg_util.o [4]
?push_l3                0x00d1f7         Code  Gb  vreg_util.o [4]
?push_w4                0x00d1a9         Code  Gb  vreg_util.o [4]
?push_w6                0x00d1ae         Code  Gb  vreg_util.o [4]
?push_w7                0x00d1b3         Code  Gb  vreg_util.o [4]
?sdiv32_l0_dl_l1        0x00d665         Code  Gb  long.o [4]
?sdiv32_l0_l0_l1        0x00d66a         Code  Gb  long.o [4]
?sll16_x_x_a            0x00e507         Code  Gb  short.o [4]
?smod16_y_x_y           0x00e4f7         Code  Gb  short.o [4]
?smod32_l1_l0_l1        0x00d66a         Code  Gb  long.o [4]
?srl16_x_x_4            0x00e50f         Code  Gb  short.o [4]
?srl32_0x_0x_a          0x00d6b3         Code  Gb  long.o [4]
?srl32_l0_l0_a          0x00d6b0         Code  Gb  long.o [4]
?sub32_l0_l0_0x         0x00d5e0         Code  Gb  long.o [4]
?sub32_l0_l0_l1         0x00d5dd         Code  Gb  long.o [4]
?udiv32_l0_l0_l1        0x00d5f8         Code  Gb  long.o [4]
?umod32_l1_l0_l1        0x00d5f8         Code  Gb  long.o [4]
?w0                     0x000000         Data  Gb  vregs.o [4]
?w1                     0x000002         Data  Gb  vregs.o [4]
?w2                     0x000004         Data  Gb  vregs.o [4]
?w3                     0x000006         Data  Gb  vregs.o [4]
?w4                     0x000008         Data  Gb  vregs.o [4]
?w5                     0x00000a         Data  Gb  vregs.o [4]
?w6                     0x00000c         Data  Gb  vregs.o [4]
?w7                     0x00000e         Data  Gb  vregs.o [4]
ADC1_COMP_IRQHandler    0x00e90e    0x1  Code  Gb  stm8l15x_it.o [1]
ADC_ChannelCmd          0x00e2a1   0x4e  Code  Gb  stm8l15x_adc.o [1]
ADC_DMACmd              0x00e5d2   0x2b  Code  Gb  stm8l15x_adc.o [1]
ADC_SchmittTriggerConfig
                        0x00e2ef   0x4e  Code  Gb  stm8l15x_adc.o [1]
ADC_Value               0x00012a   0x3c  Data  Gb  adc.o [1]
ADC_VrefintCmd          0x00e89e    0xe  Code  Gb  stm8l15x_adc.o [1]
BeepMode                0x000229    0x1  Data  Lc  beep.o [1]
Beep_ON_cnt             0x00020f    0x2  Data  Lc  beep.o [1]
Bind_flg                0x00022a    0x1  Data  Gb  FRSKYD8.o [1]
BuildUsart3Data         0x00b34a  0x3b3  Code  Gb  U3.o [1]
CC2500_Init             0x00dac6   0xb3  Code  Gb  CC2500.o [1]
CC2500_ReadReg          0x00e625   0x27  Code  Gb  CC2500.o [1]
CC2500_SetPower         0x00e731   0x1d  Code  Gb  CC2500.o [1]
CC2500_Strobe           0x00e672   0x25  Code  Gb  CC2500.o [1]
CC2500_WaitingReady     0x00e864    0xf  Code  Lc  CC2500.o [1]
CC2500_WriteData        0x00e6bc   0x24  Code  Gb  CC2500.o [1]
CC2500_WriteReg         0x00e514   0x32  Code  Gb  CC2500.o [1]
CC2500_WriteRegisterMulti
                        0x00e33d   0x4d  Code  Lc  CC2500.o [1]
CSTACK$$Base            0x000f00          --   Gb  - Linker created -
CSTACK$$Limit           0x001000          --   Gb  - Linker created -
Calc_FRSKYD8_Channel    0x00d2b4  0x108  Code  Gb  FRSKYD8.o [1]
ChannelInversion_flg    0x000241    0x1  Data  Gb  StartUp.o [1]
ChannelKeyValue         0x000233    0x1  Data  Gb  key.o [1]
ChannelKey_Scan         0x00da00   0xc6  Code  Lc  key.o [1]
ChannelkeyTemp          0x0001f7    0xa  Data  Lc  key.o [1]
CommunicationError_flg  0x00022c    0x1  Data  Gb  FRSKYD8.o [1]
DMA1_CHANNEL0_1_IRQHandler
                        0x00e8fe    0x1  Code  Gb  stm8l15x_it.o [1]
DMA1_CHANNEL2_3_IRQHandler
                        0x00e8ff    0x1  Code  Gb  stm8l15x_it.o [1]
DMA1_U3_Tx_Flag         0x000246    0x1  Data  Gb  U3.o [1]
DMA_Cmd                 0x00e853   0x11  Code  Gb  stm8l15x_dma.o [1]
DMA_DeInit              0x00e251   0x50  Code  Gb  stm8l15x_dma.o [1]
DMA_GlobalCmd           0x00e8ac    0xe  Code  Gb  stm8l15x_dma.o [1]
DMA_Init                0x00de77   0x7f  Code  Gb  stm8l15x_dma.o [1]
DelayMs                 0x00e7f5   0x13  Code  Gb  CC2500.o [1]
DelayUs                 0x00e882    0xe  Code  Gb  CC2500.o [1]
DisLEDCnts              0x000217    0x2  Data  Lc  FTDebug.o [1]
EXTI0_IRQHandler        0x00e904    0x1  Code  Gb  stm8l15x_it.o [1]
EXTI1_IRQHandler        0x00e905    0x1  Code  Gb  stm8l15x_it.o [1]
EXTI2_IRQHandler        0x00e906    0x1  Code  Gb  stm8l15x_it.o [1]
EXTI3_IRQHandler        0x00e907    0x1  Code  Gb  stm8l15x_it.o [1]
EXTI4_IRQHandler        0x00e908    0x1  Code  Gb  stm8l15x_it.o [1]
EXTI5_IRQHandler        0x00e909    0x1  Code  Gb  stm8l15x_it.o [1]
EXTI6_IRQHandler        0x00e90a    0x1  Code  Gb  stm8l15x_it.o [1]
EXTI7_IRQHandler        0x00e90b    0x1  Code  Gb  stm8l15x_it.o [1]
EXTIB_IRQHandler        0x00e902    0x1  Code  Gb  stm8l15x_it.o [1]
EXTID_IRQHandler        0x00e903    0x1  Code  Gb  stm8l15x_it.o [1]
EXTIE_F_PVD_IRQHandler  0x00e901    0x1  Code  Gb  stm8l15x_it.o [1]
Error                   0x00e8d2    0x9  Code  Lc  Menu.o [1]
FLASH_IRQHandler        0x00e8fd    0x1  Code  Gb  stm8l15x_it.o [1]
FRSKYD8Phase            0x000019    0x1  Data  Gb  FRSKYD8.o [1]
FRSKYD8_BindCounts      0x000211    0x2  Data  Gb  FRSKYD8.o [1]
FRSKYD8_CH_Code         0x00e8db    0x8  Data  Gb  FRSKYD8.o [1]
FRSKYD8_Counts          0x00022b    0x1  Data  Gb  FRSKYD8.o [1]
FRSKYD8_HOPChannel      0x000166   0x32  Data  Gb  FRSKYD8.o [1]
FRSKYD8_InitDeviceAddr  0x00e546   0x31  Code  Lc  FRSKYD8.o [1]
FRSKYD8_SendDataBuff    0x00001a   0x10  Data  Gb  FRSKYD8.o [1]
FRSKYD8_TuneChannel     0x00e577   0x2f  Code  Lc  FRSKYD8.o [1]
FRSKYD8_build_Bind_packet
                        0x00db79   0xa2  Code  Lc  FRSKYD8.o [1]
FRSKYD8_build_Data_packet
                        0x00d3bc  0x106  Code  Lc  FRSKYD8.o [1]
FRSKYD8_calData         0x000198   0x32  Data  Gb  FRSKYD8.o [1]
FRSKYD8_tune_chan_fast  0x00def6   0x77  Code  Lc  FRSKYD8.o [1]
FTDebug                 0x00e8c7    0xb  Code  Gb  FTDebug.o [1]
FTDebug_err_flg         0x00022f    0x1  Data  Gb  FTDebug.o [1]
FT_GetHSKMaxMinValue    0x00c758  0x2fb  Code  Lc  FTDebug.o [1]
FT_GetHSKMidValue       0x00c108  0x343  Code  Lc  FTDebug.o [1]
FT_OK                   0x00d083  0x126  Code  Lc  FTDebug.o [1]
FT_SkipDelay            0x00dfd7   0x68  Code  Lc  FTDebug.o [1]
GetADValue              0x00a5de  0x4e2  Code  Gb  adc.o [1]
GetUniqueID             0x00d6c1   0xdd  Code  Gb  uniqueID.o [1]
Get_SendValue           0x00aac0  0x49e  Code  Gb  StartUp.o [1]
HighThrottle_flg        0x000018    0x1  Data  Gb  FRSKYD8.o [1]
I2C1_IRQHandler         0x00e918    0x1  Code  Gb  stm8l15x_it.o [1]
INTVEC$$Base            0x00a000          --   Gb  - Linker created -
INTVEC$$Limit           0x00a080          --   Gb  - Linker created -
ISCJ431OKFlg            0x000010    0x1  Data  Gb  adc.o [1]
Init_ChannelDis         0x00d4c2  0x100  Code  Gb  StartUp.o [1]
Init_EEPROM_Dat         0x00b6fd  0x369  Code  Gb  ee.o [1]
InversionKey_Scan       0x00d79e   0xcf  Code  Gb  key.o [1]
LCD_IRQHandler          0x00e90c    0x1  Code  Gb  stm8l15x_it.o [1]
LED_State_ON            0x000239    0x1  Data  Gb  LED.o [1]
LED_State_Shake         0x00023a    0x1  Data  Gb  LED.o [1]
LED_Status_SendDat      0x00023b    0x1  Data  Gb  LED.o [1]
LED_UART1_Init          0x00e45c   0x3f  Code  Gb  LED.o [1]
LED_Usart1Send          0x00e0a4   0x59  Code  Gb  LED.o [1]
MAXValueDebug_RightOrLeftflg
                        0x000230    0x1  Data  Lc  FTDebug.o [1]
MenuCtrl                0x000221    0x2  Data  Gb  Menu.o [1]
OffSetKeyTemp           0x0001ca   0x1b  Data  Lc  key.o [1]
OffSetKeyValue          0x000234    0x1  Data  Gb  key.o [1]
OffSetKey_Scan          0x00ce2d  0x12e  Code  Lc  key.o [1]
OneSamplingDelayTime    0x000232    0x1  Data  Lc  FTDebug.o [1]
OutputCode              0x00bdc0  0x348  Data  Gb  StartUp.o [1]
PowerOn                 0x00e1ff   0x52  Code  Gb  PowerOn.o [1]
PowerOn_Counts          0x000223    0x2  Data  Lc  PowerOn.o [1]
RFHabit                 0x00023e    0x1  Data  Gb  Menu.o [1]
RTC_IRQHandler          0x00e900    0x1  Code  Gb  stm8l15x_it.o [1]
ReadFRSKYD8             0x00cbb4  0x145  Code  Gb  FRSKYD8.o [1]
Read_EE_Byte            0x00e808   0x13  Code  Gb  ee.o [1]
Read_EE_Word            0x00e81b   0x13  Code  Gb  ee.o [1]
Region$$Table$$Base     0x00e701          --   Gb  - Linker created -
Region$$Table$$Limit    0x00e713          --   Gb  - Linker created -
RunStatus               0x00023f    0x1  Data  Gb  Menu.o [1]
SPI1_IRQHandler         0x00e915    0x1  Code  Gb  stm8l15x_it.o [1]
SPI2_Init               0x00e38a   0x49  Code  Gb  SPI2.o [1]
SPI2_rd_Byte            0x00e841   0x12  Code  Gb  SPI2.o [1]
SPI2_wr_Byte            0x00e786   0x19  Code  Gb  SPI2.o [1]
ST_Init                 0x00ddf6   0x81  Code  Lc  StartUp.o [1]
ST_StartWork            0x00c44b  0x30d  Code  Lc  StartUp.o [1]
SWITCH_CSS_BREAK_DAC_IRQHandler
                        0x00e90d    0x1  Code  Gb  stm8l15x_it.o [1]
SamplingBuffer          0x0000da   0x50  Data  Lc  FTDebug.o [1]
SamplingCounts          0x000231    0x1  Data  Lc  FTDebug.o [1]
SamplingMaxMinValue_StabilizeCnts
                        0x000219    0x2  Data  Lc  FTDebug.o [1]
Sampling_Data           0x00003b   0x18  Data  Gb  StartUp.o [1]
Sampling_MaxMinData     0x000053   0x18  Data  Gb  StartUp.o [1]
Sampling_OK_DelayCNT    0x000215    0x2  Data  Lc  FTDebug.o [1]
Sampling_Offset         0x00006b    0x4  Data  Gb  StartUp.o [1]
SendPacket              0x0001e5   0x12  Data  Gb  FRSKYD8.o [1]
SetBind                 0x00e873    0xf  Code  Gb  FRSKYD8.o [1]
SetOffSet               0x00a080  0x55e  Code  Gb  StartUp.o [1]
StartUp                 0x00e890    0xe  Code  Gb  StartUp.o [1]
StartupAgain_ADC        0x00e156   0x55  Code  Gb  adc.o [1]
StaticOverTime          0x00ccf9  0x134  Code  Gb  StartUp.o [1]
TIM1_CAP_IRQHandler     0x00e913    0x1  Code  Gb  stm8l15x_it.o [1]
TIM1_UPD_OVF_TRG_COM_IRQHandler
                        0x00e912    0x1  Code  Gb  stm8l15x_it.o [1]
TIM2_CAP_IRQHandler     0x00e90f    0x1  Code  Gb  stm8l15x_it.o [1]
TIM2_Cnt                0x000227    0x2  Data  Lc  tbc.o [1]
TIM2_ErrorCnt           0x000245    0x1  Data  Gb  tbc.o [1]
TIM2_UPD_OVF_TRG_BRK_IRQHandler
                        0x00e7b6   0x16  Code  Gb  stm8l15x_it.o [1]
TIM3_CAP_IRQHandler     0x00e911    0x1  Code  Gb  stm8l15x_it.o [1]
TIM3_UPD_OVF_TRG_BRK_IRQHandler
                        0x00e910    0x1  Code  Gb  stm8l15x_it.o [1]
TIM4_UPD_OVF_TRG_IRQHandler
                        0x00e914    0x1  Code  Gb  stm8l15x_it.o [1]
TRAP_IRQHandler         0x00e8fc    0x1  Code  Gb  stm8l15x_it.o [1]
TransmitterID           0x000213    0x2  Data  Gb  FRSKYD8.o [1]
U3_DMATX_ONOFF          0x00e5a6   0x2c  Code  Gb  U3.o [1]
U3_DMA_TXBuff           0x000073   0x67  Data  Lc  U3.o [1]
U3_Init                 0x00df6d   0x6a  Code  Gb  U3.o [1]
USART1_RX_IRQHandler    0x00e917    0x1  Code  Gb  stm8l15x_it.o [1]
USART1_TX_IRQHandler    0x00e916    0x1  Code  Gb  stm8l15x_it.o [1]
USART_DeInit            0x00e49b   0x3e  Code  Gb  stm8l15x_usart.o [1]
USART_SendData8         0x00e8e3    0x8  Code  Gb  stm8l15x_usart.o [1]
VoltValue               0x00020b    0x4  Data  Gb  adc.o [1]
Volt_LED                0x00ca53  0x161  Code  Gb  LED.o [1]
WatchDog_Init           0x00e7cc   0x15  Code  Gb  tbc.o [1]
Write_EE_Byte           0x00e1ab   0x54  Code  Gb  ee.o [1]
__DebugBreak            0x00e919    0x1  Code  Gb  __dbg_break.o [3]
__exit                  0x00e7e1   0x14  Code  Gb  __dbg_xxexit.o [3]
__iar_copy_init2        0x00e5fd         Code  Gb  init_small.o [4]
__iar_data_init2        0x00e79f   0x17  Code  Gb  init.o [4]
__iar_program_start     0x00e82e         Code  Gb  cstartup.o [4]
__iar_unhandled_exception
                        0x00e8f9         Code  Gb  unhandled_exception.o [4]
__iar_zero_init2        0x00e713         Code  Gb  init_small.o [4]
__intvec                0x00a000         Data  Gb  interrupt.o [4]
__low_level_init        0x00e8f3    0x3  Code  Gb  low_level_init.o [4]
_exit                   0x00e8eb         Code  Gb  cexit.o [4]
_interrupt_1            0x00e8fc         Code  Gb  stm8l15x_it.o [1]
_interrupt_10           0x00e904         Code  Gb  stm8l15x_it.o [1]
_interrupt_11           0x00e905         Code  Gb  stm8l15x_it.o [1]
_interrupt_12           0x00e906         Code  Gb  stm8l15x_it.o [1]
_interrupt_13           0x00e907         Code  Gb  stm8l15x_it.o [1]
_interrupt_14           0x00e908         Code  Gb  stm8l15x_it.o [1]
_interrupt_15           0x00e909         Code  Gb  stm8l15x_it.o [1]
_interrupt_16           0x00e90a         Code  Gb  stm8l15x_it.o [1]
_interrupt_17           0x00e90b         Code  Gb  stm8l15x_it.o [1]
_interrupt_18           0x00e90c         Code  Gb  stm8l15x_it.o [1]
_interrupt_19           0x00e90d         Code  Gb  stm8l15x_it.o [1]
_interrupt_20           0x00e90e         Code  Gb  stm8l15x_it.o [1]
_interrupt_21           0x00e7b6         Code  Gb  stm8l15x_it.o [1]
_interrupt_22           0x00e90f         Code  Gb  stm8l15x_it.o [1]
_interrupt_23           0x00e910         Code  Gb  stm8l15x_it.o [1]
_interrupt_24           0x00e911         Code  Gb  stm8l15x_it.o [1]
_interrupt_25           0x00e912         Code  Gb  stm8l15x_it.o [1]
_interrupt_26           0x00e913         Code  Gb  stm8l15x_it.o [1]
_interrupt_27           0x00e914         Code  Gb  stm8l15x_it.o [1]
_interrupt_28           0x00e915         Code  Gb  stm8l15x_it.o [1]
_interrupt_29           0x00e916         Code  Gb  stm8l15x_it.o [1]
_interrupt_3            0x00e8fd         Code  Gb  stm8l15x_it.o [1]
_interrupt_30           0x00e917         Code  Gb  stm8l15x_it.o [1]
_interrupt_31           0x00e918         Code  Gb  stm8l15x_it.o [1]
_interrupt_4            0x00e8fe         Code  Gb  stm8l15x_it.o [1]
_interrupt_5            0x00e8ff         Code  Gb  stm8l15x_it.o [1]
_interrupt_6            0x00e900         Code  Gb  stm8l15x_it.o [1]
_interrupt_7            0x00e901         Code  Gb  stm8l15x_it.o [1]
_interrupt_8            0x00e902         Code  Gb  stm8l15x_it.o [1]
_interrupt_9            0x00e903         Code  Gb  stm8l15x_it.o [1]
adc_Init                0x00cf5b  0x128  Code  Gb  adc.o [1]
beepCmd                 0x00dc1b   0xa1  Code  Gb  beep.o [1]
beepScan                0x00ba66  0x35a  Code  Gb  beep.o [1]
beep_Init               0x00e41b   0x41  Code  Gb  beep.o [1]
boot                    0x00e74e   0x1c  Code  Gb  boot.o [1]
boot_delay              0x00e8ba    0xd  Code  Lc  boot.o [1]
cc2500_conf             0x00e3d3   0x48  Data  Lc  CC2500.o [1]
exit                    0x00e8f6    0x3  Code  Gb  exit.o [4]
initFRSKYD8             0x00dd5c   0x9a  Code  Gb  FRSKYD8.o [1]
key_Scan                0x00d937   0xc9  Code  Gb  key.o [1]
key_int                 0x00dcbc   0xa0  Code  Gb  key.o [1]
main                    0x00e76a   0x1c  Code  Gb  main.o [1]
menu                    0x00e03f   0x65  Code  Gb  Menu.o [1]
pFT                     0x00002a    0x8  Data  Lc  FTDebug.o [1]
pMENU                   0x000033    0x8  Data  Lc  Menu.o [1]
pST                     0x00006f    0x4  Data  Gb  StartUp.o [1]
tbc_2ms_flag            0x000244    0x1  Data  Gb  tbc.o [1]
tbc_init                0x00e6e0   0x21  Code  Gb  tbc.o [1]
tbc_t2_Updatisr         0x00e0fd   0x59  Code  Gb  tbc.o [1]


[1] = C:\Users\wang_\Documents\GitHub\TINY-TX-X8\FRSKY-D8\IAR-STM8-210\Debug\Obj
[2] = command line
[3] = dbgstm8smd.a
[4] = dlstm8smn.a

  17 446 bytes of readonly  code memory
   1 268 bytes of readonly  data memory
     840 bytes of readwrite data memory

Errors: none
Warnings: none
